ENTER FOUR INTEGERS: 
(1 + (2 + 3)) * 4 =    24.0000
((1 + 2) + 3) * 4 =    24.0000
(1 * 2) * (3 * 4) =    24.0000
(1 * (2 * 3)) * 4 =    24.0000
((1 * 2) * 3) * 4 =    24.0000
1 * ((2 * 3) * 4) =    24.0000
1 * (2 * (3 * 4)) =    24.0000
(1 * 2) * (4 * 3) =    24.0000
(1 * (2 * 4)) * 3 =    24.0000
((1 * 2) * 4) * 3 =    24.0000
1 * ((2 * 4) * 3) =    24.0000
1 * (2 * (4 * 3)) =    24.0000
(1 + (3 + 2)) * 4 =    24.0000
((1 + 3) + 2) * 4 =    24.0000
(1 + 3) * (2 + 4) =    24.0000
(1 * 3) * (2 * 4) =    24.0000
(1 * (3 * 2)) * 4 =    24.0000
((1 * 3) * 2) * 4 =    24.0000
1 * ((3 * 2) * 4) =    24.0000
1 * (3 * (2 * 4)) =    24.0000
(1 + 3) * (4 + 2) =    24.0000
(1 * 3) * (4 * 2) =    24.0000
(1 * (3 * 4)) * 2 =    24.0000
((1 * 3) * 4) * 2 =    24.0000
1 * ((3 * 4) * 2) =    24.0000
1 * (3 * (4 * 2)) =    24.0000
(1 * 4) * (2 * 3) =    24.0000
(1 * (4 * 2)) * 3 =    24.0000
((1 * 4) * 2) * 3 =    24.0000
1 * ((4 * 2) * 3) =    24.0000
1 * (4 * (2 * 3)) =    24.0000
(1 * 4) * (3 * 2) =    24.0000
(1 * (4 * 3)) * 2 =    24.0000
((1 * 4) * 3) * 2 =    24.0000
1 * ((4 * 3) * 2) =    24.0000
1 * (4 * (3 * 2)) =    24.0000
(2 + (1 + 3)) * 4 =    24.0000
((2 + 1) + 3) * 4 =    24.0000
(2 * 1) * (3 * 4) =    24.0000
(2 * (1 * 3)) * 4 =    24.0000
((2 * 1) * 3) * 4 =    24.0000
2 * ((1 * 3) * 4) =    24.0000
2 * (1 * (3 * 4)) =    24.0000
(2 / 1) * (3 * 4) =    24.0000
((2 / 1) * 3) * 4 =    24.0000
(2 / (1 / 3)) * 4 =    24.0000
2 / (1 / (3 * 4)) =    24.0000
2 / ((1 / 3) / 4) =    24.0000
(2 * 1) * (4 * 3) =    24.0000
(2 * (1 * 4)) * 3 =    24.0000
((2 * 1) * 4) * 3 =    24.0000
2 * ((1 * 4) * 3) =    24.0000
2 * (1 * (4 * 3)) =    24.0000
(2 / 1) * (4 * 3) =    24.0000
((2 / 1) * 4) * 3 =    24.0000
(2 / (1 / 4)) * 3 =    24.0000
2 / (1 / (4 * 3)) =    24.0000
2 / ((1 / 4) / 3) =    24.0000
(2 + (3 + 1)) * 4 =    24.0000
((2 + 3) + 1) * 4 =    24.0000
(2 * 3) * (1 * 4) =    24.0000
(2 * (3 * 1)) * 4 =    24.0000
((2 * 3) * 1) * 4 =    24.0000
2 * ((3 * 1) * 4) =    24.0000
2 * (3 * (1 * 4)) =    24.0000
(2 * (3 / 1)) * 4 =    24.0000
((2 * 3) / 1) * 4 =    24.0000
2 * ((3 / 1) * 4) =    24.0000
(2 * 3) / (1 / 4) =    24.0000
2 * (3 / (1 / 4)) =    24.0000
(2 * 3) * (4 * 1) =    24.0000
(2 * (3 * 4)) * 1 =    24.0000
((2 * 3) * 4) * 1 =    24.0000
2 * ((3 * 4) * 1) =    24.0000
2 * (3 * (4 * 1)) =    24.0000
(2 * 3) * (4 / 1) =    24.0000
(2 * (3 * 4)) / 1 =    24.0000
((2 * 3) * 4) / 1 =    24.0000
2 * ((3 * 4) / 1) =    24.0000
2 * (3 * (4 / 1)) =    24.0000
(2 + 4) * (1 + 3) =    24.0000
(2 * 4) * (1 * 3) =    24.0000
(2 * (4 * 1)) * 3 =    24.0000
((2 * 4) * 1) * 3 =    24.0000
2 * ((4 * 1) * 3) =    24.0000
2 * (4 * (1 * 3)) =    24.0000
(2 * (4 / 1)) * 3 =    24.0000
((2 * 4) / 1) * 3 =    24.0000
2 * ((4 / 1) * 3) =    24.0000
(2 * 4) / (1 / 3) =    24.0000
2 * (4 / (1 / 3)) =    24.0000
(2 + 4) * (3 + 1) =    24.0000
(2 * 4) * (3 * 1) =    24.0000
(2 * (4 * 3)) * 1 =    24.0000
((2 * 4) * 3) * 1 =    24.0000
2 * ((4 * 3) * 1) =    24.0000
2 * (4 * (3 * 1)) =    24.0000
(2 * 4) * (3 / 1) =    24.0000
(2 * (4 * 3)) / 1 =    24.0000
((2 * 4) * 3) / 1 =    24.0000
2 * ((4 * 3) / 1) =    24.0000
2 * (4 * (3 / 1)) =    24.0000
(3 + (1 + 2)) * 4 =    24.0000
((3 + 1) + 2) * 4 =    24.0000
(3 + 1) * (2 + 4) =    24.0000
(3 * 1) * (2 * 4) =    24.0000
(3 * (1 * 2)) * 4 =    24.0000
((3 * 1) * 2) * 4 =    24.0000
3 * ((1 * 2) * 4) =    24.0000
3 * (1 * (2 * 4)) =    24.0000
(3 / 1) * (2 * 4) =    24.0000
((3 / 1) * 2) * 4 =    24.0000
(3 / (1 / 2)) * 4 =    24.0000
3 / (1 / (2 * 4)) =    24.0000
3 / ((1 / 2) / 4) =    24.0000
(3 + 1) * (4 + 2) =    24.0000
(3 * 1) * (4 * 2) =    24.0000
(3 * (1 * 4)) * 2 =    24.0000
((3 * 1) * 4) * 2 =    24.0000
3 * ((1 * 4) * 2) =    24.0000
3 * (1 * (4 * 2)) =    24.0000
(3 / 1) * (4 * 2) =    24.0000
((3 / 1) * 4) * 2 =    24.0000
(3 / (1 / 4)) * 2 =    24.0000
3 / (1 / (4 * 2)) =    24.0000
3 / ((1 / 4) / 2) =    24.0000
(3 + (2 + 1)) * 4 =    24.0000
((3 + 2) + 1) * 4 =    24.0000
(3 * 2) * (1 * 4) =    24.0000
(3 * (2 * 1)) * 4 =    24.0000
((3 * 2) * 1) * 4 =    24.0000
3 * ((2 * 1) * 4) =    24.0000
3 * (2 * (1 * 4)) =    24.0000
(3 * (2 / 1)) * 4 =    24.0000
((3 * 2) / 1) * 4 =    24.0000
3 * ((2 / 1) * 4) =    24.0000
(3 * 2) / (1 / 4) =    24.0000
3 * (2 / (1 / 4)) =    24.0000
(3 * 2) * (4 * 1) =    24.0000
(3 * (2 * 4)) * 1 =    24.0000
((3 * 2) * 4) * 1 =    24.0000
3 * ((2 * 4) * 1) =    24.0000
3 * (2 * (4 * 1)) =    24.0000
(3 * 2) * (4 / 1) =    24.0000
(3 * (2 * 4)) / 1 =    24.0000
((3 * 2) * 4) / 1 =    24.0000
3 * ((2 * 4) / 1) =    24.0000
3 * (2 * (4 / 1)) =    24.0000
(3 * 4) * (1 * 2) =    24.0000
(3 * (4 * 1)) * 2 =    24.0000
((3 * 4) * 1) * 2 =    24.0000
3 * ((4 * 1) * 2) =    24.0000
3 * (4 * (1 * 2)) =    24.0000
(3 * (4 / 1)) * 2 =    24.0000
((3 * 4) / 1) * 2 =    24.0000
3 * ((4 / 1) * 2) =    24.0000
(3 * 4) / (1 / 2) =    24.0000
3 * (4 / (1 / 2)) =    24.0000
(3 * 4) * (2 * 1) =    24.0000
(3 * (4 * 2)) * 1 =    24.0000
((3 * 4) * 2) * 1 =    24.0000
3 * ((4 * 2) * 1) =    24.0000
3 * (4 * (2 * 1)) =    24.0000
(3 * 4) * (2 / 1) =    24.0000
(3 * (4 * 2)) / 1 =    24.0000
((3 * 4) * 2) / 1 =    24.0000
3 * ((4 * 2) / 1) =    24.0000
3 * (4 * (2 / 1)) =    24.0000
4 * ((1 + 2) + 3) =    24.0000
4 * (1 + (2 + 3)) =    24.0000
(4 * 1) * (2 * 3) =    24.0000
(4 * (1 * 2)) * 3 =    24.0000
((4 * 1) * 2) * 3 =    24.0000
4 * ((1 * 2) * 3) =    24.0000
4 * (1 * (2 * 3)) =    24.0000
(4 / 1) * (2 * 3) =    24.0000
((4 / 1) * 2) * 3 =    24.0000
(4 / (1 / 2)) * 3 =    24.0000
4 / (1 / (2 * 3)) =    24.0000
4 / ((1 / 2) / 3) =    24.0000
4 * ((1 + 3) + 2) =    24.0000
4 * (1 + (3 + 2)) =    24.0000
(4 * 1) * (3 * 2) =    24.0000
(4 * (1 * 3)) * 2 =    24.0000
((4 * 1) * 3) * 2 =    24.0000
4 * ((1 * 3) * 2) =    24.0000
4 * (1 * (3 * 2)) =    24.0000
(4 / 1) * (3 * 2) =    24.0000
((4 / 1) * 3) * 2 =    24.0000
(4 / (1 / 3)) * 2 =    24.0000
4 / (1 / (3 * 2)) =    24.0000
4 / ((1 / 3) / 2) =    24.0000
(4 + 2) * (1 + 3) =    24.0000
4 * ((2 + 1) + 3) =    24.0000
4 * (2 + (1 + 3)) =    24.0000
(4 * 2) * (1 * 3) =    24.0000
(4 * (2 * 1)) * 3 =    24.0000
((4 * 2) * 1) * 3 =    24.0000
4 * ((2 * 1) * 3) =    24.0000
4 * (2 * (1 * 3)) =    24.0000
(4 * (2 / 1)) * 3 =    24.0000
((4 * 2) / 1) * 3 =    24.0000
4 * ((2 / 1) * 3) =    24.0000
(4 * 2) / (1 / 3) =    24.0000
4 * (2 / (1 / 3)) =    24.0000
(4 + 2) * (3 + 1) =    24.0000
4 * ((2 + 3) + 1) =    24.0000
4 * (2 + (3 + 1)) =    24.0000
(4 * 2) * (3 * 1) =    24.0000
(4 * (2 * 3)) * 1 =    24.0000
((4 * 2) * 3) * 1 =    24.0000
4 * ((2 * 3) * 1) =    24.0000
4 * (2 * (3 * 1)) =    24.0000
(4 * 2) * (3 / 1) =    24.0000
(4 * (2 * 3)) / 1 =    24.0000
((4 * 2) * 3) / 1 =    24.0000
4 * ((2 * 3) / 1) =    24.0000
4 * (2 * (3 / 1)) =    24.0000
4 * ((3 + 1) + 2) =    24.0000
4 * (3 + (1 + 2)) =    24.0000
(4 * 3) * (1 * 2) =    24.0000
(4 * (3 * 1)) * 2 =    24.0000
((4 * 3) * 1) * 2 =    24.0000
4 * ((3 * 1) * 2) =    24.0000
4 * (3 * (1 * 2)) =    24.0000
(4 * (3 / 1)) * 2 =    24.0000
((4 * 3) / 1) * 2 =    24.0000
4 * ((3 / 1) * 2) =    24.0000
(4 * 3) / (1 / 2) =    24.0000
4 * (3 / (1 / 2)) =    24.0000
4 * ((3 + 2) + 1) =    24.0000
4 * (3 + (2 + 1)) =    24.0000
(4 * 3) * (2 * 1) =    24.0000
(4 * (3 * 2)) * 1 =    24.0000
((4 * 3) * 2) * 1 =    24.0000
4 * ((3 * 2) * 1) =    24.0000
4 * (3 * (2 * 1)) =    24.0000
(4 * 3) * (2 / 1) =    24.0000
(4 * (3 * 2)) / 1 =    24.0000
((4 * 3) * 2) / 1 =    24.0000
4 * ((3 * 2) / 1) =    24.0000
4 * (3 * (2 / 1)) =    24.0000
242 SOLUTIONS FOUND