 N  AVG    CALC   %DIFF
 1 1.0000    1.0000    0.0000
 2 1.4995    1.5000    0.0332
 3 1.8892    1.8889    0.0166
 4 2.2181    2.2188    0.0276
 5 2.5087    2.5104    0.0695
 6 2.7725    2.7747    0.0807
 7 3.0216    3.0181    0.1140
 8 3.2464    3.2450    0.0434
 9 3.4569    3.4583    0.0416
10 3.6616    3.6602    0.0385
11 3.8523    3.8524    0.0024
12 4.0379    4.0361    0.0459
13 4.2186    4.2123    0.1487
14 4.3823    4.3820    0.0072
15 4.5458    4.5458    0.0004
16 4.7062    4.7043    0.0407
17 4.8558    4.8579    0.0430
18 5.0130    5.0071    0.1190
19 5.1503    5.1522    0.0362
20 5.2929    5.2936    0.0125